M      3   
3     [A] 3
2         2
1 v       1
0         0
---
M      3   
3     [A] 3
2         2
1 v    *  1
0         0
---
M      2   
3         3
2     [A] 2
1 v    *  1
0         0
---
M      1   
3         3
2         2
1 v  [*A] 1
0         0
---
M      v   
3         3
2         2
1 v   ]A[ 1
0         0
---
