3 v       3
2         2
1         1
0     [A] 0
---
3 v    *  3
2         2
1         1
0     [A] 0
---
3 v    *  3
2         2
1     [A] 1
0         0
---
3 v    *  3
2     [A] 2
1         1
0         0
---
3 v  [*A] 3
2         2
1         1
0         0
---
3 v   ]A[ 3
2         2
1         1
0         0
---
