3     [A]      3
2          [B] 2
1              1
0 ^            0
---
3     [A]      3
2          [B] 2
1              1
0 ^         *  0
---
3     [A]      3
2              2
1          [B] 1
0 ^         *  0
---
3     [A]      3
2              2
1              1
0 ^       [*B] 0
---
3     [A]      3
2              2
1              1
0 ^        ]B[ 0
---
