M       0    0   
3      *       3
2      *       2
1              1
0     [A]  [B] 0
---
M       1    0   
3      *       3
2      *       2
1     [A]      1
0          [B] 0
---
M       2    0   
3      *       3
2    [*A]      2
1              1
0          [B] 0
---
M       *    0   
3      *       3
2    ]*A[      2
1              1
0          [B] 0
---
M       *    0   
3      *       3
2    [*A]      2
1              1
0          [B] 0
---
M       3    0   
3    [*A]      3
2      *       2
1              1
0          [B] 0
---
M       *    0   
3    ]*A[      3
2      *       2
1              1
0          [B] 0
---
M       *    0   
3    [*A]      3
2      *       2
1              1
0          [B] 0
---
