M       0    0   
3      *       3
2           *  2
1              1
0     [A]  [B] 0
---
M       1    1   
3      *       3
2           *  2
1     [A]  [B] 1
0              0
---
M       2    2   
3      *       3
2     [A] [*B] 2
1              1
0              0
---
M       3    *   
3    [*A]      3
2          ]B[ 2
1              1
0              0
---
M       *    *   
3     ]A[      3
2          ]B[ 2
1              1
0              0
---
